[2m16:58:42[22m [34m[content][39m Syncing content
[2m16:58:42[22m [34m[content][39m Synced content
[2m16:58:42[22m [34m[types][39m Generated [2m575ms[22m
[2m16:58:42[22m [34m[build][39m output: [34m"static"[39m
[2m16:58:42[22m [34m[build][39m mode: [34m"static"[39m
[2m16:58:42[22m [34m[build][39m directory: [34mC:\projeler2\qanatone\dist\yeni\[39m
[2m16:58:42[22m [34m[build][39m Collecting build info...
[2m16:58:42[22m [34m[build][39m [32m✓ Completed in 618ms.[39m
[2m16:58:43[22m [34m[build][39m Building static entrypoints...
[33m[1m16:58:44[22m [WARN] [vite][39m 
/yeni/font/nunito-sans-latin.woff2 referenced in /yeni/font/nunito-sans-latin.woff2 didn't resolve at build time, it will remain unchanged to be resolved at runtime
[33m[1m16:58:44[22m [WARN] [vite][39m 
/yeni/font/nunito-sans-tr.woff2 referenced in /yeni/font/nunito-sans-tr.woff2 didn't resolve at build time, it will remain unchanged to be resolved at runtime
[33m[1m16:58:44[22m [WARN] [vite][39m 
/yeni/font/playfair-display-500-latin.woff2 referenced in /yeni/font/playfair-display-500-latin.woff2 didn't resolve at build time, it will remain unchanged to be resolved at runtime
[33m[1m16:58:44[22m [WARN] [vite][39m 
/yeni/font/playfair-display-500-tr.woff2 referenced in /yeni/font/playfair-display-500-tr.woff2 didn't resolve at build time, it will remain unchanged to be resolved at runtime
[33m[1m16:58:44[22m [WARN] [vite][39m 
/yeni/font/playfair-display-500i-latin.woff2 referenced in /yeni/font/playfair-display-500i-latin.woff2 didn't resolve at build time, it will remain unchanged to be resolved at runtime
[33m[1m16:58:44[22m [WARN] [vite][39m 
/yeni/font/playfair-display-500i-tr.woff2 referenced in /yeni/font/playfair-display-500i-tr.woff2 didn't resolve at build time, it will remain unchanged to be resolved at runtime
[33m[1m16:58:44[22m [WARN] [vite][39m 
/yeni/font/jetbrains-mono-400-latin.woff2 referenced in /yeni/font/jetbrains-mono-400-latin.woff2 didn't resolve at build time, it will remain unchanged to be resolved at runtime
[33m[1m16:58:44[22m [WARN] [vite][39m 
/yeni/font/jetbrains-mono-400-tr.woff2 referenced in /yeni/font/jetbrains-mono-400-tr.woff2 didn't resolve at build time, it will remain unchanged to be resolved at runtime
[33m[1m16:58:44[22m [WARN] [vite][39m 
/yeni/img/ts-dis.webp referenced in /yeni/img/ts-dis.webp didn't resolve at build time, it will remain unchanged to be resolved at runtime
[33m[1m16:58:44[22m [WARN] [vite][39m 
/yeni/img/ts-beyin.webp referenced in /yeni/img/ts-beyin.webp didn't resolve at build time, it will remain unchanged to be resolved at runtime
[33m[1m16:58:44[22m [WARN] [vite][39m 
/yeni/img/ts-ic.webp referenced in /yeni/img/ts-ic.webp didn't resolve at build time, it will remain unchanged to be resolved at runtime
[2m16:58:47[22m [34m[vite][39m [32m✓ built in 4.72s[39m
[2m16:58:47[22m [34m[build][39m [32m✓ Completed in 4.77s.[39m

[42m[30m building client (vite) [39m[49m
[2m16:58:47[22m [34m[vite][39m transforming...
[2m16:58:49[22m [34m[vite][39m [32m✓[39m 462 modules transformed.
[2m16:58:49[22m [34m[vite][39m rendering chunks...
[2m16:58:49[22m [34m[vite][39m computing gzip size...
[2m16:58:49[22m [34m[vite][39m [2m.astro/[22m[32m_astro/metal--xvSOwRi.js                                       [39m[1m[2m 10.50 kB[22m[1m[22m
[2m16:58:49[22m [34m[vite][39m [2m.astro/[22m[32m_astro/isci-B7hDvOu_.js                                        [39m[1m[2m 19.99 kB[22m[1m[22m
[2m16:58:49[22m [34m[vite][39m [2m.astro/[22m[36m_astro/paralaks.C1raP9Kv.js                                    [39m[1m[2m  0.56 kB[22m[1m[22m[2m │ gzip:  0.37 kB[22m
[2m16:58:49[22m [34m[vite][39m [2m.astro/[22m[36m_astro/Film.astro_astro_type_script_index_0_lang.BQZZSWXU.js   [39m[1m[2m  0.78 kB[22m[1m[22m[2m │ gzip:  0.46 kB[22m
[2m16:58:49[22m [34m[vite][39m [2m.astro/[22m[36m_astro/preload-helper.B2aU33ea.js                              [39m[1m[2m  1.12 kB[22m[1m[22m[2m │ gzip:  0.65 kB[22m
[2m16:58:49[22m [34m[vite][39m [2m.astro/[22m[36m_astro/PRDag.astro_astro_type_script_index_0_lang.DlSqW9hF.js  [39m[1m[2m  1.30 kB[22m[1m[22m[2m │ gzip:  0.71 kB[22m
[2m16:58:49[22m [34m[vite][39m [2m.astro/[22m[36m_astro/page.sJrt8mpm.js                                        [39m[1m[2m  2.25 kB[22m[1m[22m[2m │ gzip:  1.02 kB[22m
[2m16:58:49[22m [34m[vite][39m [2m.astro/[22m[36m_astro/gl.CPNH4_Na.js                                          [39m[1m[2m  4.87 kB[22m[1m[22m[2m │ gzip:  2.27 kB[22m
[2m16:58:49[22m [34m[vite][39m [2m.astro/[22m[36m_astro/index.qNTDzdXh.js                                       [39m[1m[2m  7.85 kB[22m[1m[22m[2m │ gzip:  3.05 kB[22m
[2m16:58:49[22m [34m[vite][39m [2m.astro/[22m[36m_astro/motor.COya_wPF.js                                       [39m[1m[2m  8.53 kB[22m[1m[22m[2m │ gzip:  3.57 kB[22m
[2m16:58:49[22m [34m[vite][39m [2m.astro/[22m[36m_astro/halka.CTrrloti.js                                       [39m[1m[2m 19.30 kB[22m[1m[22m[2m │ gzip:  8.74 kB[22m
[2m16:58:49[22m [34m[vite][39m [2m.astro/[22m[36m_astro/DenemeAda.m4xWBozS.js                                   [39m[1m[2m124.08 kB[22m[1m[22m[2m │ gzip: 40.82 kB[22m
[2m16:58:49[22m [34m[vite][39m [2m.astro/[22m[36m_astro/client.mHSpsdgU.js                                      [39m[1m[2m186.79 kB[22m[1m[22m[2m │ gzip: 58.63 kB[22m
[2m16:58:49[22m [34m[vite][39m [32m✓ built in 1.64s[39m

[42m[30m generating static routes [39m[49m
[2m16:58:49[22m [32m▶[39m src/pages/404.astro
[2m16:58:49[22m   [34m└─[39m [2m/404.html[22m [2m(+11ms)[22m 
[2m16:58:49[22m [32m▶[39m src/pages/bulten/[slug].astro
[2m16:58:49[22m   [34m├─[39m [2m/bulten/talebe-bes-dakikada-donmek/index.html[22m [2m(+6ms)[22m 
[2m16:58:49[22m   [34m├─[39m [2m/bulten/google-ads-maliyetleri-2026/index.html[22m [2m(+3ms)[22m 
[2m16:58:49[22m   [34m├─[39m [2m/bulten/donusum-oranlari-sektor-sektor/index.html[22m [2m(+3ms)[22m 
[2m16:58:49[22m   [34m├─[39m [2m/bulten/yapay-zeka-trafigi-tiklama-degil/index.html[22m [2m(+3ms)[22m 
[2m16:58:49[22m   [34m├─[39m [2m/bulten/yapay-zekadan-gelen-ziyaretci-donusuyor-mu/index.html[22m [2m(+3ms)[22m 
[2m16:58:49[22m   [34m└─[39m [2m/bulten/saglik-turizmi-hasta-basina-gelir/index.html[22m [2m(+3ms)[22m 
[2m16:58:49[22m [32m▶[39m src/pages/bulten/index.astro
[2m16:58:49[22m   [34m└─[39m [2m/bulten/index.html[22m [2m(+4ms)[22m 
[2m16:58:49[22m [35mλ[39m src/pages/bulten/rss.xml.ts
[2m16:58:49[22m   [34m└─[39m [2m/bulten/rss.xml[22m [2m(+2ms)[22m 
[2m16:58:50[22m [32m▶[39m src/pages/deneme-react.astro
[2m16:58:50[22m   [34m└─[39m [2m/deneme-react/index.html[22m [2m(+12ms)[22m 
[2m16:58:50[22m [32m▶[39m src/pages/en/bulten/[slug].astro
[2m16:58:50[22m   [34m├─[39m [2m/en/bulten/talebe-bes-dakikada-donmek/index.html[22m [2m(+3ms)[22m 
[2m16:58:50[22m   [34m├─[39m [2m/en/bulten/google-ads-maliyetleri-2026/index.html[22m [2m(+2ms)[22m 
[2m16:58:50[22m   [34m├─[39m [2m/en/bulten/donusum-oranlari-sektor-sektor/index.html[22m [2m(+3ms)[22m 
[2m16:58:50[22m   [34m├─[39m [2m/en/bulten/yapay-zeka-trafigi-tiklama-degil/index.html[22m [2m(+2ms)[22m 
[2m16:58:50[22m   [34m├─[39m [2m/en/bulten/yapay-zekadan-gelen-ziyaretci-donusuyor-mu/index.html[22m [2m(+2ms)[22m 
[2m16:58:50[22m   [34m└─[39m [2m/en/bulten/saglik-turizmi-hasta-basina-gelir/index.html[22m [2m(+2ms)[22m 
[2m16:58:50[22m [32m▶[39m src/pages/en/bulten/index.astro
[2m16:58:50[22m   [34m└─[39m [2m/en/bulten/index.html[22m [2m(+3ms)[22m 
[2m16:58:50[22m [32m▶[39m src/pages/en/hizmet/[slug].astro
[2m16:58:50[22m   [34m├─[39m [2m/en/hizmet/seo/index.html[22m [2m(+5ms)[22m 
[2m16:58:50[22m   [34m├─[39m [2m/en/hizmet/geo/index.html[22m [2m(+5ms)[22m 
[2m16:58:50[22m   [34m├─[39m [2m/en/hizmet/google-ads/index.html[22m [2m(+4ms)[22m 
[2m16:58:50[22m   [34m├─[39m [2m/en/hizmet/meta-ads/index.html[22m [2m(+3ms)[22m 
[2m16:58:50[22m   [34m├─[39m [2m/en/hizmet/ai-ajan/index.html[22m [2m(+4ms)[22m 
[2m16:58:50[22m   [34m├─[39m [2m/en/hizmet/otomasyon/index.html[22m [2m(+6ms)[22m 
[2m16:58:50[22m   [34m├─[39m [2m/en/hizmet/web-tasarim/index.html[22m [2m(+6ms)[22m 
[2m16:58:50[22m   [34m├─[39m [2m/en/hizmet/web-sitesi-araclar/index.html[22m [2m(+6ms)[22m 
[2m16:58:50[22m   [34m└─[39m [2m/en/hizmet/finans/index.html[22m [2m(+29ms)[22m 
[2m16:58:50[22m [32m▶[39m src/pages/en/hizmetler.astro
[2m16:58:50[22m   [34m└─[39m [2m/en/hizmetler/index.html[22m [2m(+7ms)[22m 
[2m16:58:50[22m [32m▶[39m src/pages/en/index.astro
[2m16:58:50[22m   [34m└─[39m [2m/en/index.html[22m [2m(+11ms)[22m 
[2m16:58:50[22m [32m▶[39m src/pages/en/otomasyon.astro
[2m16:58:50[22m   [34m└─[39m [2m/en/otomasyon/index.html[22m [2m(+4ms)[22m 
[2m16:58:50[22m [32m▶[39m src/pages/en/projeler/[slug].astro
[2m16:58:50[22m   [34m├─[39m [2m/en/projeler/mercedes-benz/index.html[22m [2m(+3ms)[22m 
[2m16:58:50[22m   [34m├─[39m [2m/en/projeler/charles-schwab/index.html[22m [2m(+2ms)[22m 
[2m16:58:50[22m   [34m├─[39m [2m/en/projeler/kononenko-group/index.html[22m [2m(+2ms)[22m 
[2m16:58:50[22m   [34m├─[39m [2m/en/projeler/skyclinics/index.html[22m [2m(+2ms)[22m 
[2m16:58:50[22m   [34m├─[39m [2m/en/projeler/cmblu-energy/index.html[22m [2m(+3ms)[22m 
[2m16:58:50[22m   [34m├─[39m [2m/en/projeler/terawulf/index.html[22m [2m(+3ms)[22m 
[2m16:58:50[22m   [34m└─[39m [2m/en/projeler/bab-ic-mimarlik/index.html[22m [2m(+2ms)[22m 
[2m16:58:50[22m [32m▶[39m src/pages/en/projeler/index.astro
[2m16:58:50[22m   [34m└─[39m [2m/en/projeler/index.html[22m [2m(+4ms)[22m 
[2m16:58:50[22m [32m▶[39m src/pages/en/sss.astro
[2m16:58:50[22m   [34m└─[39m [2m/en/sss/index.html[22m [2m(+2ms)[22m 
[2m16:58:50[22m [32m▶[39m src/pages/en/surec.astro
[2m16:58:50[22m   [34m└─[39m [2m/en/surec/index.html[22m [2m(+3ms)[22m 
[2m16:58:50[22m [32m▶[39m src/pages/film.astro
[2m16:58:50[22m   [34m└─[39m [2m/film/index.html[22m [2m(+3ms)[22m 
[2m16:58:50[22m [32m▶[39m src/pages/hizmet/[slug].astro
[2m16:58:50[22m   [34m├─[39m [2m/hizmet/seo/index.html[22m [2m(+3ms)[22m 
[2m16:58:50[22m   [34m├─[39m [2m/hizmet/geo/index.html[22m [2m(+4ms)[22m 
[2m16:58:50[22m   [34m├─[39m [2m/hizmet/google-ads/index.html[22m [2m(+3ms)[22m 
[2m16:58:50[22m   [34m├─[39m [2m/hizmet/meta-ads/index.html[22m [2m(+3ms)[22m 
[2m16:58:50[22m   [34m├─[39m [2m/hizmet/ai-ajan/index.html[22m [2m(+4ms)[22m 
[2m16:58:50[22m   [34m├─[39m [2m/hizmet/otomasyon/index.html[22m [2m(+4ms)[22m 
[2m16:58:50[22m   [34m├─[39m [2m/hizmet/web-tasarim/index.html[22m [2m(+4ms)[22m 
[2m16:58:50[22m   [34m├─[39m [2m/hizmet/web-sitesi-araclar/index.html[22m [2m(+3ms)[22m 
[2m16:58:50[22m   [34m└─[39m [2m/hizmet/finans/index.html[22m [2m(+6ms)[22m 
[2m16:58:50[22m [32m▶[39m src/pages/hizmetler.astro
[2m16:58:50[22m   [34m└─[39m [2m/hizmetler/index.html[22m [2m(+4ms)[22m 
[2m16:58:50[22m [32m▶[39m src/pages/hukuki.astro
[2m16:58:50[22m   [34m└─[39m [2m/hukuki/index.html[22m [2m(+2ms)[22m 
[2m16:58:50[22m [32m▶[39m src/pages/index.astro
[2m16:58:50[22m   [34m└─[39m [2m/index.html[22m [2m(+7ms)[22m 
[2m16:58:50[22m [32m▶[39m src/pages/otomasyon.astro
[2m16:58:50[22m   [34m└─[39m [2m/otomasyon/index.html[22m [2m(+3ms)[22m 
[2m16:58:50[22m [32m▶[39m src/pages/projeler/[slug].astro
[2m16:58:50[22m   [34m├─[39m [2m/projeler/mercedes-benz/index.html[22m [2m(+3ms)[22m 
[2m16:58:50[22m   [34m├─[39m [2m/projeler/charles-schwab/index.html[22m [2m(+2ms)[22m 
[2m16:58:50[22m   [34m├─[39m [2m/projeler/kononenko-group/index.html[22m [2m(+2ms)[22m 
[2m16:58:50[22m   [34m├─[39m [2m/projeler/skyclinics/index.html[22m [2m(+3ms)[22m 
[2m16:58:50[22m   [34m├─[39m [2m/projeler/cmblu-energy/index.html[22m [2m(+2ms)[22m 
[2m16:58:50[22m   [34m├─[39m [2m/projeler/terawulf/index.html[22m [2m(+2ms)[22m 
[2m16:58:50[22m   [34m└─[39m [2m/projeler/bab-ic-mimarlik/index.html[22m [2m(+2ms)[22m 
[2m16:58:50[22m [32m▶[39m src/pages/projeler/index.astro
[2m16:58:50[22m   [34m└─[39m [2m/projeler/index.html[22m [2m(+3ms)[22m 
[2m16:58:50[22m [35mλ[39m src/pages/sitemap.xml.ts
[2m16:58:50[22m   [34m└─[39m [2m/sitemap.xml[22m [2m(+4ms)[22m 
[2m16:58:50[22m [32m▶[39m src/pages/sss.astro
[2m16:58:50[22m   [34m└─[39m [2m/sss/index.html[22m [2m(+2ms)[22m 
[2m16:58:50[22m [32m▶[39m src/pages/surec.astro
[2m16:58:50[22m   [34m└─[39m [2m/surec/index.html[22m [2m(+3ms)[22m 
[2m16:58:50[22m [32m✓ Completed in 888ms.
[39m
[2m16:58:53[22m [34m[build][39m 62 page(s) built in [1m10.73s[22m
[2m16:58:53[22m [34m[build][39m [1mComplete![22m
